%!Adobe-FontList 1.14
%Locale:0x412

%BeginFont
Handler:DirectoryHandler
FontType:TrueType
FontName:BMJUA
FamilyName:BM JUA_TTF
StyleName:Regular
FullName:BM JUA
MenuName:배달의민족 주아
StyleBits:0
FamilyNameNative:배달의민족 주아
StyleNameNative:Regular
FullNameNative:배달의민족 주아
WritingScript:Korean
OutlineFileName:D:\dev_yeji\gotttugi\design\리소스\Font\BMJUA_ttf.ttf
DataFormat:sfntData
FileLength:1525212
FileModTime:1560229886
WeightClass:400
WidthClass:5
AngleClass:0
%EndFont

%BeginFont
Handler:DirectoryHandler
FontType:TrueType
FontName:NanumGothicBold
FamilyName:NanumGothic
StyleName:Bold
FullName:NanumGothicBold
MenuName:NanumGothic
StyleBits:2
FamilyNameNative:
StyleNameNative:Bold
FullNameNative:
WritingScript:Korean
OutlineFileName:D:\dev_yeji\gotttugi\design\리소스\Font\NanumGothic-Bold.ttf
DataFormat:sfntData
FileLength:4003808
FileModTime:1517756400
WeightClass:600
WidthClass:5
AngleClass:0
%EndFont

%BeginFont
Handler:DirectoryHandler
FontType:TrueType
FontName:NanumGothicExtraBold
FamilyName:NanumGothicExtraBold
StyleName:Regular
FullName:NanumGothicExtraBold
MenuName:NanumGothicExtraBold
StyleBits:0
FamilyNameNative:
StyleNameNative:Regular
FullNameNative:
WritingScript:Korean
OutlineFileName:D:\dev_yeji\gotttugi\design\리소스\Font\NanumGothic-ExtraBold.ttf
DataFormat:sfntData
FileLength:3882872
FileModTime:1517756400
WeightClass:700
WidthClass:5
AngleClass:0
%EndFont

%BeginFont
Handler:DirectoryHandler
FontType:TrueType
FontName:NanumGothic
FamilyName:NanumGothic
StyleName:Regular
FullName:NanumGothic
MenuName:NanumGothic
StyleBits:0
FamilyNameNative:
StyleNameNative:Regular
FullNameNative:
WritingScript:Korean
OutlineFileName:D:\dev_yeji\gotttugi\design\리소스\Font\NanumGothic-Regular.ttf
DataFormat:sfntData
FileLength:4091412
FileModTime:1517756400
WeightClass:400
WidthClass:5
AngleClass:0
%EndFont

